// Jest Snapshot v1, https://goo.gl/fbAQLP

exports[`transforms as intended 1`] = `
"import something from \\"PATH/TO/NEXT/PROJECT/.mdx-data/f0a7910dd13e8421222e8432cee566f8.json\\";
import a, { c as d } from './foo.mdx';
import b from \\"PATH/TO/NEXT/PROJECT/.mdx-data/f0a7910dd13e8421222e8432cee566f8.json\\";"
`;
